- Session info ---------------------------------------------------------------
 setting  value
 version  R version 4.5.0 (2025-04-11)
 os       macOS Sequoia 15.6
 system   aarch64, darwin20
 ui       X11
 language (EN)
 collate  en_US.UTF-8
 ctype    en_US.UTF-8
 tz       America/New_York
 date     2025-11-12
 pandoc   3.6.3 @ /Applications/Positron.app/Contents/Resources/app/quarto/bin/tools/aarch64/ (via rmarkdown)
 quarto   1.7.22 @ /Applications/quarto/bin/quarto

- Packages -------------------------------------------------------------------
 package     * version date (UTC) lib source
 cli           3.6.5   2025-04-23 [1] CRAN (R 4.5.0)
 digest        0.6.37  2024-08-19 [1] CRAN (R 4.5.0)
 evaluate      1.0.4   2025-06-18 [1] CRAN (R 4.5.0)
 fastmap       1.2.0   2024-05-15 [1] CRAN (R 4.5.0)
 htmltools     0.5.8.1 2024-04-04 [1] CRAN (R 4.5.0)
 jsonlite      2.0.0   2025-03-27 [1] CRAN (R 4.5.0)
 knitr         1.50    2025-03-16 [1] CRAN (R 4.5.0)
 rlang         1.1.6   2025-04-11 [1] CRAN (R 4.5.0)
 rmarkdown     2.29    2024-11-04 [1] CRAN (R 4.5.0)
 sessioninfo   1.2.3   2025-02-05 [1] CRAN (R 4.5.0)
 xfun          0.52    2025-04-02 [1] CRAN (R 4.5.0)
 yaml          2.3.10  2024-07-26 [1] CRAN (R 4.5.0)

 [1] /Users/alexjakubow/Library/R/arm64/4.5/library
 [2] /Library/Frameworks/R.framework/Versions/4.5-arm64/Resources/library

------------------------------------------------------------------------------
